// Jest Snapshot v1, https://goo.gl/fbAQLP

exports[`Register renders default render 1`] = `
ShallowWrapper {
  "length": 1,
  Symbol(enzyme.__root__): [Circular],
  Symbol(enzyme.__unrendered__): <Styled(Content)>
    <Styled(ViewNB)>
      <Styled(Text)>
        Countries
      </Styled(Text)>
    </Styled(ViewNB)>
  </Styled(Content)>,
  Symbol(enzyme.__renderer__): Object {
    "batchedUpdates": [Function],
    "getNode": [Function],
    "render": [Function],
    "simulateEvent": [Function],
    "unmount": [Function],
  },
  Symbol(enzyme.__node__): Object {
    "instance": null,
    "key": undefined,
    "nodeType": "class",
    "props": Object {
      "children": <Styled(ViewNB)>
        <Styled(Text)>
          Countries
        </Styled(Text)>
      </Styled(ViewNB)>,
      "style": Object {
        "backgroundColor": "transparent",
        "flex": 1,
      },
      "virtual": undefined,
    },
    "ref": [Function],
    "rendered": Object {
      "instance": null,
      "key": undefined,
      "nodeType": "class",
      "props": Object {
        "children": <Styled(Text)>
          Countries
        </Styled(Text)>,
        "virtual": undefined,
      },
      "ref": null,
      "rendered": Object {
        "instance": null,
        "key": undefined,
        "nodeType": "class",
        "props": Object {
          "children": "Countries",
          "virtual": undefined,
        },
        "ref": null,
        "rendered": "Countries",
        "type": [Function],
      },
      "type": [Function],
    },
    "type": [Function],
  },
  Symbol(enzyme.__nodes__): Array [
    Object {
      "instance": null,
      "key": undefined,
      "nodeType": "class",
      "props": Object {
        "children": <Styled(ViewNB)>
          <Styled(Text)>
            Countries
          </Styled(Text)>
        </Styled(ViewNB)>,
        "style": Object {
          "backgroundColor": "transparent",
          "flex": 1,
        },
        "virtual": undefined,
      },
      "ref": [Function],
      "rendered": Object {
        "instance": null,
        "key": undefined,
        "nodeType": "class",
        "props": Object {
          "children": <Styled(Text)>
            Countries
          </Styled(Text)>,
          "virtual": undefined,
        },
        "ref": null,
        "rendered": Object {
          "instance": null,
          "key": undefined,
          "nodeType": "class",
          "props": Object {
            "children": "Countries",
            "virtual": undefined,
          },
          "ref": null,
          "rendered": "Countries",
          "type": [Function],
        },
        "type": [Function],
      },
      "type": [Function],
    },
  ],
  Symbol(enzyme.__options__): Object {
    "adapter": ReactSixteenAdapter {
      "options": Object {
        "enableComponentDidUpdateOnSetState": true,
      },
    },
  },
}
`;
