// Jest Snapshot v1, https://goo.gl/fbAQLP

exports[`<Login /> Redender Default render 1`] = `
ShallowWrapper {
  "length": 1,
  Symbol(enzyme.__root__): [Circular],
  Symbol(enzyme.__unrendered__): <Login
    authorized={false}
    facebookLoginRequest={[Function]}
    onLogin={[MockFunction]}
  />,
  Symbol(enzyme.__renderer__): Object {
    "batchedUpdates": [Function],
    "getNode": [Function],
    "render": [Function],
    "simulateEvent": [Function],
    "unmount": [Function],
  },
  Symbol(enzyme.__node__): Object {
    "instance": null,
    "key": undefined,
    "nodeType": "class",
    "props": Object {
      "children": <ImageBackground
        source={1}
        style={
          Object {
            "flex": 1,
            "height": null,
            "width": null,
          }
        }
      >
        <Styled(ViewNB)
          style={
            Object {
              "alignSelf": "center",
              "marginTop": 220,
            }
          }
        >
          <Image
            source={1}
          />
        </Styled(ViewNB)>
        <Styled(ViewNB)
          style={
            Object {
              "marginTop": 280,
              "padding": 10,
            }
          }
        >
          <Styled(Button)
            block={true}
            className="button"
            iconLeft={true}
            onPress={[Function]}
          >
            <Styled(Icon)
              name="logo-facebook"
            />
            <Styled(Text)>
              Connect To NextGon!
            </Styled(Text)>
          </Styled(Button)>
        </Styled(ViewNB)>
        <Styled(ViewNB)
          style={
            Object {
              "alignSelf": "center",
            }
          }
        >
          <Styled(Text)
            style={
              Object {
                "color": "#FFF",
              }
            }
          >
            Login with Facebook
          </Styled(Text)>
        </Styled(ViewNB)>
      </ImageBackground>,
      "contentContainerStyle": Object {
        "flex": 1,
        "flexDirection": "column",
      },
      "virtual": undefined,
    },
    "ref": null,
    "rendered": Object {
      "instance": null,
      "key": undefined,
      "nodeType": "class",
      "props": Object {
        "children": Array [
          <Styled(ViewNB)
            style={
              Object {
                "alignSelf": "center",
                "marginTop": 220,
              }
            }
          >
            <Image
              source={1}
            />
          </Styled(ViewNB)>,
          <Styled(ViewNB)
            style={
              Object {
                "marginTop": 280,
                "padding": 10,
              }
            }
          >
            <Styled(Button)
              block={true}
              className="button"
              iconLeft={true}
              onPress={[Function]}
            >
              <Styled(Icon)
                name="logo-facebook"
              />
              <Styled(Text)>
                Connect To NextGon!
              </Styled(Text)>
            </Styled(Button)>
          </Styled(ViewNB)>,
          <Styled(ViewNB)
            style={
              Object {
                "alignSelf": "center",
              }
            }
          >
            <Styled(Text)
              style={
                Object {
                  "color": "#FFF",
                }
              }
            >
              Login with Facebook
            </Styled(Text)>
          </Styled(ViewNB)>,
        ],
        "source": 1,
        "style": Object {
          "flex": 1,
          "height": null,
          "width": null,
        },
      },
      "ref": null,
      "rendered": Array [
        Object {
          "instance": null,
          "key": undefined,
          "nodeType": "class",
          "props": Object {
            "children": <Image
              source={1}
            />,
            "style": Object {
              "alignSelf": "center",
              "marginTop": 220,
            },
            "virtual": undefined,
          },
          "ref": null,
          "rendered": Object {
            "instance": null,
            "key": undefined,
            "nodeType": "class",
            "props": Object {
              "source": 1,
            },
            "ref": null,
            "rendered": null,
            "type": [Function],
          },
          "type": [Function],
        },
        Object {
          "instance": null,
          "key": undefined,
          "nodeType": "class",
          "props": Object {
            "children": <Styled(Button)
              block={true}
              className="button"
              iconLeft={true}
              onPress={[Function]}
            >
              <Styled(Icon)
                name="logo-facebook"
              />
              <Styled(Text)>
                Connect To NextGon!
              </Styled(Text)>
            </Styled(Button)>,
            "style": Object {
              "marginTop": 280,
              "padding": 10,
            },
            "virtual": undefined,
          },
          "ref": null,
          "rendered": Object {
            "instance": null,
            "key": undefined,
            "nodeType": "class",
            "props": Object {
              "block": true,
              "children": Array [
                <Styled(Icon)
                  name="logo-facebook"
                />,
                <Styled(Text)>
                  Connect To NextGon!
                </Styled(Text)>,
              ],
              "className": "button",
              "iconLeft": true,
              "onPress": [Function],
              "virtual": undefined,
            },
            "ref": null,
            "rendered": Array [
              Object {
                "instance": null,
                "key": undefined,
                "nodeType": "class",
                "props": Object {
                  "name": "logo-facebook",
                  "virtual": undefined,
                },
                "ref": null,
                "rendered": null,
                "type": [Function],
              },
              Object {
                "instance": null,
                "key": undefined,
                "nodeType": "class",
                "props": Object {
                  "children": "Connect To NextGon!",
                  "virtual": undefined,
                },
                "ref": null,
                "rendered": "Connect To NextGon!",
                "type": [Function],
              },
            ],
            "type": [Function],
          },
          "type": [Function],
        },
        Object {
          "instance": null,
          "key": undefined,
          "nodeType": "class",
          "props": Object {
            "children": <Styled(Text)
              style={
                Object {
                  "color": "#FFF",
                }
              }
            >
              Login with Facebook
            </Styled(Text)>,
            "style": Object {
              "alignSelf": "center",
            },
            "virtual": undefined,
          },
          "ref": null,
          "rendered": Object {
            "instance": null,
            "key": undefined,
            "nodeType": "class",
            "props": Object {
              "children": "Login with Facebook",
              "style": Object {
                "color": "#FFF",
              },
              "virtual": undefined,
            },
            "ref": null,
            "rendered": "Login with Facebook",
            "type": [Function],
          },
          "type": [Function],
        },
      ],
      "type": [Function],
    },
    "type": [Function],
  },
  Symbol(enzyme.__nodes__): Array [
    Object {
      "instance": null,
      "key": undefined,
      "nodeType": "class",
      "props": Object {
        "children": <ImageBackground
          source={1}
          style={
            Object {
              "flex": 1,
              "height": null,
              "width": null,
            }
          }
        >
          <Styled(ViewNB)
            style={
              Object {
                "alignSelf": "center",
                "marginTop": 220,
              }
            }
          >
            <Image
              source={1}
            />
          </Styled(ViewNB)>
          <Styled(ViewNB)
            style={
              Object {
                "marginTop": 280,
                "padding": 10,
              }
            }
          >
            <Styled(Button)
              block={true}
              className="button"
              iconLeft={true}
              onPress={[Function]}
            >
              <Styled(Icon)
                name="logo-facebook"
              />
              <Styled(Text)>
                Connect To NextGon!
              </Styled(Text)>
            </Styled(Button)>
          </Styled(ViewNB)>
          <Styled(ViewNB)
            style={
              Object {
                "alignSelf": "center",
              }
            }
          >
            <Styled(Text)
              style={
                Object {
                  "color": "#FFF",
                }
              }
            >
              Login with Facebook
            </Styled(Text)>
          </Styled(ViewNB)>
        </ImageBackground>,
        "contentContainerStyle": Object {
          "flex": 1,
          "flexDirection": "column",
        },
        "virtual": undefined,
      },
      "ref": null,
      "rendered": Object {
        "instance": null,
        "key": undefined,
        "nodeType": "class",
        "props": Object {
          "children": Array [
            <Styled(ViewNB)
              style={
                Object {
                  "alignSelf": "center",
                  "marginTop": 220,
                }
              }
            >
              <Image
                source={1}
              />
            </Styled(ViewNB)>,
            <Styled(ViewNB)
              style={
                Object {
                  "marginTop": 280,
                  "padding": 10,
                }
              }
            >
              <Styled(Button)
                block={true}
                className="button"
                iconLeft={true}
                onPress={[Function]}
              >
                <Styled(Icon)
                  name="logo-facebook"
                />
                <Styled(Text)>
                  Connect To NextGon!
                </Styled(Text)>
              </Styled(Button)>
            </Styled(ViewNB)>,
            <Styled(ViewNB)
              style={
                Object {
                  "alignSelf": "center",
                }
              }
            >
              <Styled(Text)
                style={
                  Object {
                    "color": "#FFF",
                  }
                }
              >
                Login with Facebook
              </Styled(Text)>
            </Styled(ViewNB)>,
          ],
          "source": 1,
          "style": Object {
            "flex": 1,
            "height": null,
            "width": null,
          },
        },
        "ref": null,
        "rendered": Array [
          Object {
            "instance": null,
            "key": undefined,
            "nodeType": "class",
            "props": Object {
              "children": <Image
                source={1}
              />,
              "style": Object {
                "alignSelf": "center",
                "marginTop": 220,
              },
              "virtual": undefined,
            },
            "ref": null,
            "rendered": Object {
              "instance": null,
              "key": undefined,
              "nodeType": "class",
              "props": Object {
                "source": 1,
              },
              "ref": null,
              "rendered": null,
              "type": [Function],
            },
            "type": [Function],
          },
          Object {
            "instance": null,
            "key": undefined,
            "nodeType": "class",
            "props": Object {
              "children": <Styled(Button)
                block={true}
                className="button"
                iconLeft={true}
                onPress={[Function]}
              >
                <Styled(Icon)
                  name="logo-facebook"
                />
                <Styled(Text)>
                  Connect To NextGon!
                </Styled(Text)>
              </Styled(Button)>,
              "style": Object {
                "marginTop": 280,
                "padding": 10,
              },
              "virtual": undefined,
            },
            "ref": null,
            "rendered": Object {
              "instance": null,
              "key": undefined,
              "nodeType": "class",
              "props": Object {
                "block": true,
                "children": Array [
                  <Styled(Icon)
                    name="logo-facebook"
                  />,
                  <Styled(Text)>
                    Connect To NextGon!
                  </Styled(Text)>,
                ],
                "className": "button",
                "iconLeft": true,
                "onPress": [Function],
                "virtual": undefined,
              },
              "ref": null,
              "rendered": Array [
                Object {
                  "instance": null,
                  "key": undefined,
                  "nodeType": "class",
                  "props": Object {
                    "name": "logo-facebook",
                    "virtual": undefined,
                  },
                  "ref": null,
                  "rendered": null,
                  "type": [Function],
                },
                Object {
                  "instance": null,
                  "key": undefined,
                  "nodeType": "class",
                  "props": Object {
                    "children": "Connect To NextGon!",
                    "virtual": undefined,
                  },
                  "ref": null,
                  "rendered": "Connect To NextGon!",
                  "type": [Function],
                },
              ],
              "type": [Function],
            },
            "type": [Function],
          },
          Object {
            "instance": null,
            "key": undefined,
            "nodeType": "class",
            "props": Object {
              "children": <Styled(Text)
                style={
                  Object {
                    "color": "#FFF",
                  }
                }
              >
                Login with Facebook
              </Styled(Text)>,
              "style": Object {
                "alignSelf": "center",
              },
              "virtual": undefined,
            },
            "ref": null,
            "rendered": Object {
              "instance": null,
              "key": undefined,
              "nodeType": "class",
              "props": Object {
                "children": "Login with Facebook",
                "style": Object {
                  "color": "#FFF",
                },
                "virtual": undefined,
              },
              "ref": null,
              "rendered": "Login with Facebook",
              "type": [Function],
            },
            "type": [Function],
          },
        ],
        "type": [Function],
      },
      "type": [Function],
    },
  ],
  Symbol(enzyme.__options__): Object {
    "adapter": ReactSixteenAdapter {
      "options": Object {
        "enableComponentDidUpdateOnSetState": true,
      },
    },
    "context": Object {
      "store": Object {
        "clearActions": [Function],
        "dispatch": [Function],
        "getActions": [Function],
        "getState": [Function],
        "replaceReducer": [Function],
        "subscribe": [Function],
      },
    },
  },
}
`;
