// Jest Snapshot v1, https://goo.gl/fbAQLP

exports[`Register renders default render 1`] = `
ShallowWrapper {
  "length": 1,
  Symbol(enzyme.__root__): [Circular],
  Symbol(enzyme.__unrendered__): <Component
    animationType="slide"
    hardwareAccelerated={false}
    onRequestClose={[MockFunction]}
    transparent={false}
    visible={true}
  >
    <Component
      style={
        Object {
          "alignItems": "center",
          "flex": 1,
          "justifyContent": "center",
        }
      }
    >
      <Component
        style={
          Object {
            "backgroundColor": "#aacadd",
            "height": "50%",
            "width": "90%",
          }
        }
      >
        <Text
          accessible={true}
          allowFontScaling={true}
          ellipsizeMode="tail"
        >
          Hello World!
        </Text>
        <TouchableHighlight
          activeOpacity={0.85}
          delayPressOut={100}
          onPress={[MockFunction]}
          underlayColor="black"
        >
          <Text
            accessible={true}
            allowFontScaling={true}
            ellipsizeMode="tail"
          >
            Hide Modal
          </Text>
        </TouchableHighlight>
      </Component>
    </Component>
  </Component>,
  Symbol(enzyme.__renderer__): Object {
    "batchedUpdates": [Function],
    "getNode": [Function],
    "render": [Function],
    "simulateEvent": [Function],
    "unmount": [Function],
  },
  Symbol(enzyme.__node__): Object {
    "instance": null,
    "key": undefined,
    "nodeType": "host",
    "props": Object {
      "animationType": "slide",
      "children": <Component
        style={
          Object {
            "alignItems": "center",
            "flex": 1,
            "justifyContent": "center",
          }
        }
      >
        <Component
          style={
            Object {
              "backgroundColor": "#aacadd",
              "height": "50%",
              "width": "90%",
            }
          }
        >
          <Text
            accessible={true}
            allowFontScaling={true}
            ellipsizeMode="tail"
          >
            Hello World!
          </Text>
          <TouchableHighlight
            activeOpacity={0.85}
            delayPressOut={100}
            onPress={[MockFunction]}
            underlayColor="black"
          >
            <Text
              accessible={true}
              allowFontScaling={true}
              ellipsizeMode="tail"
            >
              Hide Modal
            </Text>
          </TouchableHighlight>
        </Component>
      </Component>,
      "hardwareAccelerated": false,
      "onRequestClose": [MockFunction],
      "transparent": false,
      "visible": true,
    },
    "ref": null,
    "rendered": Object {
      "instance": null,
      "key": undefined,
      "nodeType": "class",
      "props": Object {
        "children": <Component
          style={
            Object {
              "backgroundColor": "#aacadd",
              "height": "50%",
              "width": "90%",
            }
          }
        >
          <Text
            accessible={true}
            allowFontScaling={true}
            ellipsizeMode="tail"
          >
            Hello World!
          </Text>
          <TouchableHighlight
            activeOpacity={0.85}
            delayPressOut={100}
            onPress={[MockFunction]}
            underlayColor="black"
          >
            <Text
              accessible={true}
              allowFontScaling={true}
              ellipsizeMode="tail"
            >
              Hide Modal
            </Text>
          </TouchableHighlight>
        </Component>,
        "style": Object {
          "alignItems": "center",
          "flex": 1,
          "justifyContent": "center",
        },
      },
      "ref": null,
      "rendered": Object {
        "instance": null,
        "key": undefined,
        "nodeType": "class",
        "props": Object {
          "children": Array [
            <Text
              accessible={true}
              allowFontScaling={true}
              ellipsizeMode="tail"
            >
              Hello World!
            </Text>,
            <TouchableHighlight
              activeOpacity={0.85}
              delayPressOut={100}
              onPress={[MockFunction]}
              underlayColor="black"
            >
              <Text
                accessible={true}
                allowFontScaling={true}
                ellipsizeMode="tail"
              >
                Hide Modal
              </Text>
            </TouchableHighlight>,
          ],
          "style": Object {
            "backgroundColor": "#aacadd",
            "height": "50%",
            "width": "90%",
          },
        },
        "ref": null,
        "rendered": Array [
          Object {
            "instance": null,
            "key": undefined,
            "nodeType": "class",
            "props": Object {
              "accessible": true,
              "allowFontScaling": true,
              "children": "Hello World!",
              "ellipsizeMode": "tail",
            },
            "ref": null,
            "rendered": "Hello World!",
            "type": [Function],
          },
          Object {
            "instance": null,
            "key": undefined,
            "nodeType": "class",
            "props": Object {
              "activeOpacity": 0.85,
              "children": <Text
                accessible={true}
                allowFontScaling={true}
                ellipsizeMode="tail"
              >
                Hide Modal
              </Text>,
              "delayPressOut": 100,
              "onPress": [MockFunction],
              "underlayColor": "black",
            },
            "ref": null,
            "rendered": Object {
              "instance": null,
              "key": undefined,
              "nodeType": "class",
              "props": Object {
                "accessible": true,
                "allowFontScaling": true,
                "children": "Hide Modal",
                "ellipsizeMode": "tail",
              },
              "ref": null,
              "rendered": "Hide Modal",
              "type": [Function],
            },
            "type": [Function],
          },
        ],
        "type": [Function],
      },
      "type": [Function],
    },
    "type": "Modal",
  },
  Symbol(enzyme.__nodes__): Array [
    Object {
      "instance": null,
      "key": undefined,
      "nodeType": "host",
      "props": Object {
        "animationType": "slide",
        "children": <Component
          style={
            Object {
              "alignItems": "center",
              "flex": 1,
              "justifyContent": "center",
            }
          }
        >
          <Component
            style={
              Object {
                "backgroundColor": "#aacadd",
                "height": "50%",
                "width": "90%",
              }
            }
          >
            <Text
              accessible={true}
              allowFontScaling={true}
              ellipsizeMode="tail"
            >
              Hello World!
            </Text>
            <TouchableHighlight
              activeOpacity={0.85}
              delayPressOut={100}
              onPress={[MockFunction]}
              underlayColor="black"
            >
              <Text
                accessible={true}
                allowFontScaling={true}
                ellipsizeMode="tail"
              >
                Hide Modal
              </Text>
            </TouchableHighlight>
          </Component>
        </Component>,
        "hardwareAccelerated": false,
        "onRequestClose": [MockFunction],
        "transparent": false,
        "visible": true,
      },
      "ref": null,
      "rendered": Object {
        "instance": null,
        "key": undefined,
        "nodeType": "class",
        "props": Object {
          "children": <Component
            style={
              Object {
                "backgroundColor": "#aacadd",
                "height": "50%",
                "width": "90%",
              }
            }
          >
            <Text
              accessible={true}
              allowFontScaling={true}
              ellipsizeMode="tail"
            >
              Hello World!
            </Text>
            <TouchableHighlight
              activeOpacity={0.85}
              delayPressOut={100}
              onPress={[MockFunction]}
              underlayColor="black"
            >
              <Text
                accessible={true}
                allowFontScaling={true}
                ellipsizeMode="tail"
              >
                Hide Modal
              </Text>
            </TouchableHighlight>
          </Component>,
          "style": Object {
            "alignItems": "center",
            "flex": 1,
            "justifyContent": "center",
          },
        },
        "ref": null,
        "rendered": Object {
          "instance": null,
          "key": undefined,
          "nodeType": "class",
          "props": Object {
            "children": Array [
              <Text
                accessible={true}
                allowFontScaling={true}
                ellipsizeMode="tail"
              >
                Hello World!
              </Text>,
              <TouchableHighlight
                activeOpacity={0.85}
                delayPressOut={100}
                onPress={[MockFunction]}
                underlayColor="black"
              >
                <Text
                  accessible={true}
                  allowFontScaling={true}
                  ellipsizeMode="tail"
                >
                  Hide Modal
                </Text>
              </TouchableHighlight>,
            ],
            "style": Object {
              "backgroundColor": "#aacadd",
              "height": "50%",
              "width": "90%",
            },
          },
          "ref": null,
          "rendered": Array [
            Object {
              "instance": null,
              "key": undefined,
              "nodeType": "class",
              "props": Object {
                "accessible": true,
                "allowFontScaling": true,
                "children": "Hello World!",
                "ellipsizeMode": "tail",
              },
              "ref": null,
              "rendered": "Hello World!",
              "type": [Function],
            },
            Object {
              "instance": null,
              "key": undefined,
              "nodeType": "class",
              "props": Object {
                "activeOpacity": 0.85,
                "children": <Text
                  accessible={true}
                  allowFontScaling={true}
                  ellipsizeMode="tail"
                >
                  Hide Modal
                </Text>,
                "delayPressOut": 100,
                "onPress": [MockFunction],
                "underlayColor": "black",
              },
              "ref": null,
              "rendered": Object {
                "instance": null,
                "key": undefined,
                "nodeType": "class",
                "props": Object {
                  "accessible": true,
                  "allowFontScaling": true,
                  "children": "Hide Modal",
                  "ellipsizeMode": "tail",
                },
                "ref": null,
                "rendered": "Hide Modal",
                "type": [Function],
              },
              "type": [Function],
            },
          ],
          "type": [Function],
        },
        "type": [Function],
      },
      "type": "Modal",
    },
  ],
  Symbol(enzyme.__options__): Object {
    "adapter": ReactSixteenAdapter {
      "options": Object {
        "enableComponentDidUpdateOnSetState": true,
      },
    },
  },
}
`;
